[backblue.gif]
[fade.gif]
[index.html]
[the-gammons.net/assets/images/autogen/clearpixel.gif]
[the-gammons.net/assets/images/autogen/Home_Hp3.gif]
[the-gammons.net/assets/images/autogen/Gammon_Np1.gif]
[the-gammons.net/assets/images/autogen/Raeper_Np1.gif]
[the-gammons.net/assets/images/autogen/Faull_Np1.gif]
[the-gammons.net/assets/images/autogen/Goodgame_Np1.gif]
[the-gammons.net/assets/images/autogen/Grunert_Np1.gif]
[the-gammons.net/assets/images/autogen/Petzold_Np1.gif]
[the-gammons.net/assets/images/autogen/Beyer_Np1.gif]
[the-gammons.net/assets/images/autogen/Jaguttis_Np1.gif]
[the-gammons.net/assets/images/autogen/Links_Np1.gif]
[the-gammons.net/assets/images/BuiltWithNOF.gif]
[the-gammons.net/assets/images/autogen/Ross_Gammon_s_Family_History_WNbanner.gif]
[the-gammons.net/assets/images/autogen/a_059_59.jpg]
[the-gammons.net/index.html]
[the-gammons.net/assets/rollover.js]
[the-gammons.net/assets/images/background.gif]
[the-gammons.net/style.css]
[the-gammons.net/site.css]
[the-gammons.net/index-2.html]
[the-gammons.net/Home_HRp4.html]
[the-gammons.net/assets/images/autogen/Home_Np1.gif]
[the-gammons.net/assets/images/autogen/Gammon_Hp3.gif]
[the-gammons.net/assets/images/autogen/Edwin_Alfred_Np1.gif]
[the-gammons.net/assets/images/autogen/Gammon_Nbanner.gif]
[the-gammons.net/html/gammon.html]
[the-gammons.net/assets/images/autogen/a_Berrynarbor1911.jpg]
[the-gammons.net/Gammon_NRp2.html]
[the-gammons.net/assets/images/autogen/Raeper_Hp3.gif]
[the-gammons.net/assets/images/autogen/Alexander_Np1.gif]
[the-gammons.net/assets/images/autogen/Raeper_Nbanner.gif]
[the-gammons.net/html/raeper.html]
[the-gammons.net/Raeper_NRp2.html]
[the-gammons.net/assets/images/castle_st_turriff_1943.jpg]
[the-gammons.net/assets/images/autogen/Faull_Hp3.gif]
[the-gammons.net/assets/images/autogen/John_Herbert_William_Np1.gif]
[the-gammons.net/assets/images/autogen/Faull_Nbanner.gif]
[the-gammons.net/html/faull.html]
[the-gammons.net/assets/images/StAgnesCornwall.jpg]
[the-gammons.net/Faull_NRp2.html]
[the-gammons.net/assets/images/autogen/Goodgame_Hp3.gif]
[the-gammons.net/assets/images/autogen/Elsa_Ruby_Np1.gif]
[the-gammons.net/assets/images/autogen/Goodgame_Nbanner.gif]
[the-gammons.net/html/goodgame.html]
[the-gammons.net/assets/images/BlueLakeMountGambier.jpg]
[the-gammons.net/Goodgame_NRp2.html]
[the-gammons.net/assets/images/autogen/Grunert_Hp3.gif]
[the-gammons.net/assets/images/autogen/Willy_Paul_Grunert_Np1.gif]
[the-gammons.net/assets/images/autogen/Grunert_Nbanner.gif]
[the-gammons.net/assets/images/Neudorf03.jpg]
[the-gammons.net/html/grunert.html]
[the-gammons.net/Grunert_NRp2.html]
[the-gammons.net/assets/images/autogen/Petzold_Hp3.gif]
[the-gammons.net/html/petzold.html]
[the-gammons.net/assets/images/autogen/Petzold_Nbanner.gif]
[the-gammons.net/Petzold_NRp2.html]
[the-gammons.net/assets/images/autogen/Beyer_Hp3.gif]
[the-gammons.net/html/beyer.html]
[the-gammons.net/assets/images/autogen/Beyer_Nbanner.gif]
[the-gammons.net/Beyer_NRp2.html]
[the-gammons.net/assets/images/autogen/Jaguttis_Hp3.gif]
[the-gammons.net/html/jaguttis.html]
[the-gammons.net/assets/images/autogen/Jaguttis_Nbanner.gif]
[the-gammons.net/Jaguttis_NRp2.html]
[the-gammons.net/assets/images/autogen/Links_Hp3.gif]
[the-gammons.net/html/links.html]
[the-gammons.net/assets/images/autogen/Links_Nbanner.gif]
[the-gammons.net/Links_NRp2.html]
[the-gammons.net/html/style.css]
[the-gammons.net/html/site.css]
[the-gammons.net/html/Home_NRp2.html]
[the-gammons.net/html/Gammon_HRp4.html]
[the-gammons.net/assets/images/autogen/Edwin_Alfred_Hp3.gif]
[the-gammons.net/assets/images/autogen/Edwin_Alfred_Gammon__1861__Nbanner.gif]
[the-gammons.net/assets/images/Gammon_Family_1914.jpg]
[the-gammons.net/assets/images/Edwin_Alfred_Gammon_2.jpg]
[the-gammons.net/assets/images/Edith_Anetta_Jones.jpg]
[the-gammons.net/html/edwin_alfred_gammon__1861_.html]
[the-gammons.net/html/Edwin_Alfred_NRp2.html]
[the-gammons.net/html/Raeper_NRp2.html]
[the-gammons.net/html/Faull_NRp2.html]
[the-gammons.net/html/Goodgame_NRp2.html]
[the-gammons.net/html/Grunert_NRp2.html]
[the-gammons.net/html/Petzold_NRp2.html]
[the-gammons.net/html/Beyer_NRp2.html]
[the-gammons.net/html/Jaguttis_NRp2.html]
[the-gammons.net/html/Links_NRp2.html]
[the-gammons.net/html/Gammon_NRp2.html]
[the-gammons.net/html/Raeper_HRp4.html]
[the-gammons.net/assets/images/autogen/Alexander_Hp3.gif]
[the-gammons.net/assets/images/autogen/Alexander_Raeper__1869__Nbanner.gif]
[the-gammons.net/assets/images/AlexanderRaeper.jpg]
[the-gammons.net/assets/images/autogen/a_gparents1.jpg]
[the-gammons.net/html/alexander_raeper__1869_.html]
[the-gammons.net/assets/images/autogen/a_gparents2.jpg]
[the-gammons.net/html/Alexander_NRp2.html]
[the-gammons.net/html/Faull_HRp4.html]
[the-gammons.net/assets/images/autogen/John_Herbert_William_Hp3.gif]
[the-gammons.net/assets/images/autogen/John_Herbert_William_Faull__18Nbanner.gif]
[the-gammons.net/assets/images/GladysAnnieVeronicaFaullNeeBethelMessageOnBackToDearMotherFromGladysWithLove.jpg]
[the-gammons.net/html/john_herbert_william_faull__18.html]
[the-gammons.net/assets/images/RIMG0019.jpg]
[the-gammons.net/html/John_Herbert_William_NRp2.html]
[the-gammons.net/html/Goodgame_HRp4.html]
[the-gammons.net/assets/images/autogen/Elsa_Ruby_Hp3.gif]
[the-gammons.net/assets/images/autogen/Elsa_Ruby_Goodgame__1899__Nbanner.gif]
[the-gammons.net/assets/images/RIMG0003.jpg]
[the-gammons.net/assets/images/RIMG0013.jpg]
[the-gammons.net/html/elsa_ruby_goodgame__1899_.html]
[the-gammons.net/html/Elsa_Ruby_NRp2.html]
[the-gammons.net/html/Grunert_HRp4.html]
[the-gammons.net/assets/images/autogen/Willy_Paul_Grunert_Hp3.gif]
[the-gammons.net/html/willy_paul_grunert.html]
[the-gammons.net/assets/images/autogen/Willy_Paul_Grunert_Nbanner.gif]
[the-gammons.net/html/Willy_Paul_Grunert_NRp2.html]
[the-gammons.net/html/Petzold_HRp4.html]
[the-gammons.net/html/Beyer_HRp4.html]
[the-gammons.net/html/Jaguttis_HRp4.html]
[the-gammons.net/html/Links_HRp4.html]
[the-gammons.net/html/Edwin_Alfred_HRp4.html]
[the-gammons.net/html/Alexander_HRp4.html]
[the-gammons.net/html/John_Herbert_William_HRp4.html]
[the-gammons.net/html/Elsa_Ruby_HRp4.html]
[the-gammons.net/html/Willy_Paul_Grunert_HRp4.html]
